// Jest Snapshot v1, https://goo.gl/fbAQLP

exports[`Home page É uma página do vue 1`] = `
<div id="home">
  <el-row-stub tag="div" justify="start" align="top">
    <el-col-stub span="24" tag="div" offset="8" lg="8">
      <p class="title">USD Best Price in Brazil</p>
    </el-col-stub>
  </el-row-stub>
  <el-row-stub tag="div" justify="start" align="top">
    <el-col-stub span="24" tag="div" offset="6" lg="12">
      <div class="subtitle">
        <p>Compare and find in realtime the best effective prices in Brazil's top USD exchanges, considering fees.</p>
        <p><span>Click on the exchange row</span> to view operation details.
        </p>
      </div>
    </el-col-stub>
  </el-row-stub>
  <el-row-stub tag="div" justify="start" align="top">
    <el-col-stub span="24" tag="div" offset="8" lg="8">
      <currency-component-stub class="currency-from"></currency-component-stub>
      <currency-component-stub class="currency-to"></currency-component-stub>
    </el-col-stub>
  </el-row-stub>
</div>
`;
